[   0.002][v][cplayer] mpv v0.41.0-dev-g41f6a6450 Copyright © 2000-2025 mpv/MPlayer/mplayer2 projects
[   0.002][v][cplayer]  built on Dec 21 2025 19:30:47
[   0.002][v][cplayer] libplacebo version: v7.358.0
[   0.003][v][cplayer] FFmpeg version: f853d12
[   0.003][v][cplayer] FFmpeg library versions:
[   0.003][v][cplayer]    libavcodec      62.11.100
[   0.003][v][cplayer]    libavdevice     62.1.100
[   0.003][v][cplayer]    libavfilter     11.4.100
[   0.003][v][cplayer]    libavformat     62.3.100
[   0.003][v][cplayer]    libavutil       60.8.100
[   0.003][v][cplayer]    libswresample   6.1.100
[   0.003][v][cplayer]    libswscale      9.1.100
[   0.003][v][cplayer] Configuration: -Ddefault_library=static -Dlibmpv=true -Dtests=true -Dgpl=true -Dffmpeg:gpl=enabled -Dffmpeg:tests=enabled -Dffmpeg:programs=enabled -Dffmpeg:sdl2=disabled -Dffmpeg:vulkan=auto -Dffmpeg:libdav1d=enabled -Dffmpeg:libjxl=enabled -Dffmpeg:libaom=enabled -Dlcms2:fastfloat=true -Dlcms2:jpeg=disabled -Dlcms2:tiff=disabled -Dlibass:test=enabled -Dlibjpeg-turbo:tests=disabled -Dlibusb:tests=false -Dlibusb:examples=false -Dlibplacebo:demos=false -Dlibplacebo:lcms=enabled -Dlibplacebo:shaderc=enabled -Dlibplacebo:tests=false -Dlibplacebo:vulkan=enabled -Dlibplacebo:d3d11=enabled -Dxxhash:inline-all=true -Dxxhash:cli=false -Dluajit:amalgam=true -Dd3d11=enabled -Dvulkan=enabled -Djavascript=enabled -Dwin32-smtc=enabled -Dlua=luajit -Ddrm=disabled -Dlibarchive=disabled -Drubberband=disabled -Dwayland=disabled -Dx11=disabled -Dwrap_mode=forcefallback
[   0.003][v][cplayer] List of enabled features: build-date cplugins cuda-hwaccel cuda-interop d3d-hwaccel d3d11 d3d9-hwaccel debug direct3d dos-paths dxgi-debug-d3d11 ffmpeg ffnvcodec gl gl-win32 glob glob-win32 gpl iconv javascript jpeg lcms2 libass libavdevice libdl libplacebo luajit shaderc spirv-cross uchardet vector vk-khr-display vulkan wasapi win32 win32-desktop win32-executable win32-smtc win32-threads zlib
[   0.003][v][cplayer] Command line options: '--no-config' '--no-video' '--ao=null' '--speed=100' '--af=lavfi=[silencedetect=noise=-35dB:d=0.1]' '--log-file=C:/Users/craft/Desktop/soshite_chikin/docs/reports/ch02_heels_probe.log' '--msg-level=all=debug' 'game/audio/sfx/ch02_heels_wood.ogg'
[   0.003][v][cplayer] mpv v0.41.0-dev-g41f6a6450 Copyright © 2000-2025 mpv/MPlayer/mplayer2 projects
[   0.003][v][cplayer]  built on Dec 21 2025 19:30:47
[   0.003][v][cplayer] libplacebo version: v7.358.0
[   0.003][v][cplayer] FFmpeg version: f853d12
[   0.003][v][cplayer] FFmpeg library versions:
[   0.003][v][cplayer]    libavcodec      62.11.100
[   0.003][v][cplayer]    libavdevice     62.1.100
[   0.003][v][cplayer]    libavfilter     11.4.100
[   0.003][v][cplayer]    libavformat     62.3.100
[   0.003][v][cplayer]    libavutil       60.8.100
[   0.003][v][cplayer]    libswresample   6.1.100
[   0.003][v][cplayer]    libswscale      9.1.100
[   0.003][v][cplayer] Configuration: -Ddefault_library=static -Dlibmpv=true -Dtests=true -Dgpl=true -Dffmpeg:gpl=enabled -Dffmpeg:tests=enabled -Dffmpeg:programs=enabled -Dffmpeg:sdl2=disabled -Dffmpeg:vulkan=auto -Dffmpeg:libdav1d=enabled -Dffmpeg:libjxl=enabled -Dffmpeg:libaom=enabled -Dlcms2:fastfloat=true -Dlcms2:jpeg=disabled -Dlcms2:tiff=disabled -Dlibass:test=enabled -Dlibjpeg-turbo:tests=disabled -Dlibusb:tests=false -Dlibusb:examples=false -Dlibplacebo:demos=false -Dlibplacebo:lcms=enabled -Dlibplacebo:shaderc=enabled -Dlibplacebo:tests=false -Dlibplacebo:vulkan=enabled -Dlibplacebo:d3d11=enabled -Dxxhash:inline-all=true -Dxxhash:cli=false -Dluajit:amalgam=true -Dd3d11=enabled -Dvulkan=enabled -Djavascript=enabled -Dwin32-smtc=enabled -Dlua=luajit -Ddrm=disabled -Dlibarchive=disabled -Drubberband=disabled -Dwayland=disabled -Dx11=disabled -Dwrap_mode=forcefallback
[   0.003][v][cplayer] List of enabled features: build-date cplugins cuda-hwaccel cuda-interop d3d-hwaccel d3d11 d3d9-hwaccel debug direct3d dos-paths dxgi-debug-d3d11 ffmpeg ffnvcodec gl gl-win32 glob glob-win32 gpl iconv javascript jpeg lcms2 libass libavdevice libdl libplacebo luajit shaderc spirv-cross uchardet vector vk-khr-display vulkan wasapi win32 win32-desktop win32-executable win32-smtc win32-threads zlib
[   0.003][d][global] home path: '' -> '-'
[   0.003][d][global] user path: '~~home/' -> ''
[   0.003][d][global] user path: '~~old_home/' -> ''
[   0.003][v][cplayer] Setting option 'config' = 'no' (flags = 8)
[   0.003][v][cplayer] Setting option 'video' = 'no' (flags = 8)
[   0.003][v][cplayer] Setting option 'ao' = 'null' (flags = 8)
[   0.003][v][cplayer] Setting option 'speed' = '100' (flags = 8)
[   0.003][v][cplayer] Setting option 'af' = 'lavfi=[silencedetect=noise=-35dB:d=0.1]' (flags = 8)
[   0.003][v][cplayer] Setting option 'log-file' = 'C:/Users/craft/Desktop/soshite_chikin/docs/reports/ch02_heels_probe.log' (flags = 8)
[   0.003][v][cplayer] Setting option 'msg-level' = 'all=debug' (flags = 8)
[   0.004][d][osc] Loading lua script @osc.lua...
[   0.004][d][ytdl_hook] Loading lua script @ytdl_hook.lua...
[   0.004][d][stats] Loading lua script @stats.lua...
[   0.004][d][console] Loading lua script @console.lua...
[   0.004][d][auto_profiles] Loading lua script @auto_profiles.lua...
[   0.004][d][select] Loading lua script @select.lua...
[   0.004][d][positioning] Loading lua script @positioning.lua...
[   0.004][d][commands] Loading lua script @commands.lua...
[   0.004][v][clipboard] Initialized win32 clipboard backend.
[   0.005][v][cplayer] Waiting for scripts...
[   0.005][d][stats] loading mp.defaults
[   0.005][d][select] loading mp.defaults
[   0.005][d][positioning] loading mp.defaults
[   0.005][d][osc] loading mp.defaults
[   0.005][d][ytdl_hook] loading mp.defaults
[   0.005][d][commands] loading mp.defaults
[   0.005][d][auto_profiles] loading mp.defaults
[   0.005][d][console] loading mp.defaults
[   0.005][d][stats] loading @stats.lua
[   0.005][d][positioning] loading @positioning.lua
[   0.006][d][osc] loading @osc.lua
[   0.006][d][select] loading @select.lua
[   0.006][d][ytdl_hook] loading @ytdl_hook.lua
[   0.006][d][positioning] reading options for positioning
[   0.006][d][positioning] script-opts/positioning.conf not found.
[   0.006][d][positioning] lua-settings/positioning.conf not found.
[   0.006][d][auto_profiles] loading @auto_profiles.lua
[   0.006][d][cplayer] Run command: define-section, flags=64, args=[name="input_positioning", contents="", flags="default"]
[   0.006][d][commands] loading @commands.lua
[   0.006][d][cplayer] Run command: enable-section, flags=64, args=[name="input_positioning", flags="allow-hide-cursor+allow-vo-dragging"]
[   0.006][d][cplayer] Run command: define-section, flags=64, args=[name="input_forced_positioning", contents="", flags="force"]
[   0.006][d][cplayer] Run command: enable-section, flags=64, args=[name="input_forced_positioning", flags="allow-hide-cursor+allow-vo-dragging"]
[   0.006][d][console] loading @console.lua
[   0.006][d][ytdl_hook] reading options for ytdl_hook
[   0.006][d][ytdl_hook] script-opts/ytdl_hook.conf not found.
[   0.006][d][ytdl_hook] lua-settings/ytdl_hook.conf not found.
[   0.006][d][select] reading options for select
[   0.006][d][select] script-opts/select.conf not found.
[   0.006][d][select] lua-settings/select.conf not found.
[   0.007][d][cplayer] Run command: define-section, flags=64, args=[name="input_select", contents="", flags="default"]
[   0.007][d][cplayer] Run command: enable-section, flags=64, args=[name="input_select", flags="allow-hide-cursor+allow-vo-dragging"]
[   0.007][d][cplayer] Run command: define-section, flags=64, args=[name="input_forced_select", contents="", flags="force"]
[   0.007][d][cplayer] Run command: enable-section, flags=64, args=[name="input_forced_select", flags="allow-hide-cursor+allow-vo-dragging"]
[   0.007][d][commands] reading options for commands
[   0.007][d][commands] script-opts/commands.conf not found.
[   0.007][d][commands] lua-settings/commands.conf not found.
[   0.007][d][stats] reading options for stats
[   0.007][d][stats] script-opts/stats.conf not found.
[   0.007][d][stats] lua-settings/stats.conf not found.
[   0.007][d][cplayer] Run command: define-section, flags=64, args=[name="input_commands", contents="", flags="default"]
[   0.007][d][cplayer] Run command: enable-section, flags=64, args=[name="input_commands", flags="allow-hide-cursor+allow-vo-dragging"]
[   0.007][d][cplayer] Run command: define-section, flags=64, args=[name="input_forced_commands", contents="", flags="force"]
[   0.007][d][cplayer] Run command: enable-section, flags=64, args=[name="input_forced_commands", flags="allow-hide-cursor+allow-vo-dragging"]
[   0.007][d][auto_profiles] Destroying client handle...
[   0.007][d][cplayer] Run command: define-section, flags=64, args=[name="input_stats", contents="", flags="default"]
[   0.007][d][cplayer] Run command: enable-section, flags=64, args=[name="input_stats", flags="allow-hide-cursor+allow-vo-dragging"]
[   0.007][d][console] reading options for console
[   0.007][d][console] script-opts/console.conf not found.
[   0.007][d][console] lua-settings/console.conf not found.
[   0.007][d][cplayer] Run command: define-section, flags=64, args=[name="input_forced_stats", contents="", flags="force"]
[   0.007][d][cplayer] Run command: enable-section, flags=64, args=[name="input_forced_stats", flags="allow-hide-cursor+allow-vo-dragging"]
[   0.008][d][cplayer] Run command: define-section, flags=64, args=[name="input_console", contents="", flags="default"]
[   0.008][d][cplayer] Run command: enable-section, flags=64, args=[name="input_console", flags="allow-hide-cursor+allow-vo-dragging"]
[   0.008][d][cplayer] Run command: define-section, flags=64, args=[name="input_forced_console", contents="", flags="force"]
[   0.008][d][cplayer] Run command: enable-section, flags=64, args=[name="input_forced_console", flags="allow-hide-cursor+allow-vo-dragging"]
[   0.008][d][cplayer] Run command: define-section, flags=64, args=[name="showhide", contents="mouse_move script-binding osc/__keybinding1\nmouse_leave script-binding osc/__keybinding2\n", flags="force"]
[   0.008][d][cplayer] Run command: define-section, flags=64, args=[name="showhide_wc", contents="mouse_move script-binding osc/__keybinding3\nmouse_leave script-binding osc/__keybinding4\n", flags="force"]
[   0.008][d][cplayer] Run command: enable-section, flags=64, args=[name="showhide", flags="allow-hide-cursor+allow-vo-dragging"]
[   0.008][d][cplayer] Run command: enable-section, flags=64, args=[name="showhide_wc", flags="allow-hide-cursor+allow-vo-dragging"]
[   0.009][d][cplayer] Run command: define-section, flags=64, args=[name="input", contents="mbtn_left script-binding osc/__keybinding5\nmbtn_mid script-binding osc/__keybinding6\nmbtn_right script-binding osc/__keybinding7\nshift+mbtn_left script-binding osc/__keybinding8\nwheel_up script-binding osc/__keybinding9\nwheel_down script-binding osc/__keybinding10\nmbtn_left_dbl ignore\nshift+mbtn_left_dbl ignore\nmbtn_right_dbl ignore\n", flags="force"]
[   0.009][d][cplayer] Run command: enable-section, flags=64, args=[name="input", flags=""]
[   0.009][d][cplayer] Run command: define-section, flags=64, args=[name="window-controls", contents="mbtn_left script-binding osc/__keybinding11\n", flags="force"]
[   0.009][d][cplayer] Run command: enable-section, flags=64, args=[name="window-controls", flags=""]
[   0.009][d][osc] reading options for osc
[   0.009][d][osc] script-opts/osc.conf not found.
[   0.009][d][osc] lua-settings/osc.conf not found.
[   0.009][v][cplayer] Set property: user-data/osc/visibility="auto" -> 1
[   0.009][d][cplayer] Run command: disable-section, flags=64, args=[name="input"]
[   0.009][d][cplayer] Run command: disable-section, flags=64, args=[name="window-controls"]
[   0.009][v][cplayer] Set property: user-data/osc/margins={"b":0,"r":0,"l":0,"t":0} -> 1
[   0.009][v][cplayer] Done loading scripts.
[   0.009][d][global] state path: 'watch_later' -> '-'
[   0.009][v][cplayer] Running hook: auto_profiles/on_before_start_file
[   0.009][v][cplayer] Failed sending hook command auto_profiles/on_before_start_file. Removing hook.
[   0.009][d][global] state path: 'watch_later' -> '-'
[   0.009][v][cplayer] Running hook: auto_profiles/on_load
[   0.009][v][cplayer] Failed sending hook command auto_profiles/on_load. Removing hook.
[   0.009][v][cplayer] Running hook: ytdl_hook/on_load
[   0.010][v][cplayer] Running hook: ytdl_hook/on_load
[   0.010][v][ytdl_hook] playlist hook
[   0.010][v][cplayer] Set property: user-data/osc/margins={"b":0,"r":0,"l":0,"t":0} -> 1
[   0.010][d][osc] osc_init
[   0.010][v][file] Opening game/audio/sfx/ch02_heels_wood.ogg
[   0.010][d][file] resize stream to 131072 bytes, drop 0 bytes
[   0.010][d][file] Stream opened successfully.
[   0.010][v][demux] Trying demuxers for level=normal.
[   0.010][d][demux] Trying demuxer: directory (force-level: normal)
[   0.010][v][cplayer] Set property: user-data/osc/margins={"b":0,"r":0,"l":0,"t":0} -> 1
[   0.010][d][osd/libass] ASS library version: 0x1704000 (runtime 0x1704000)
[   0.010][v][osd/libass] libass API version: 0x1704000
[   0.010][v][osd/libass] libass source: meson, commit: cbb743215bad0fe202477e569fe8005545258ccd
[   0.010][v][osd/libass] Shaper: FriBidi 1.0.16 (SIMPLE) HarfBuzz-ng 12.2.0 (COMPLEX)
[   0.010][v][osd/libass] Setting up fonts...
[   0.011][d][demux] Trying demuxer: disc (force-level: normal)
[   0.011][d][demux] Trying demuxer: edl (force-level: normal)
[   0.011][d][demux] Trying demuxer: cue (force-level: normal)
[   0.011][d][demux] Trying demuxer: rawaudio (force-level: normal)
[   0.011][d][demux] Trying demuxer: rawvideo (force-level: normal)
[   0.011][d][demux] Trying demuxer: mkv (force-level: normal)
[   0.011][d][demux] Trying demuxer: lavf (force-level: normal)
[   0.012][v][osd/libass] Using font provider directwrite (with GDI)
[   0.012][v][osd/libass] Done.
[   0.013][d][cplayer] Run command: define-section, flags=64, args=[name="input_osc", contents="", flags="default"]
[   0.013][d][cplayer] Run command: enable-section, flags=64, args=[name="input_osc", flags="allow-hide-cursor+allow-vo-dragging"]
[   0.013][d][cplayer] Run command: define-section, flags=64, args=[name="input_forced_osc", contents="", flags="force"]
[   0.013][d][cplayer] Run command: enable-section, flags=64, args=[name="input_forced_osc", flags="allow-hide-cursor+allow-vo-dragging"]
[   0.014][v][lavf] Found 'ogg' at score=100 size=2048.
[   0.015][v][lavf] avformat_find_stream_info() finished after 36688 bytes.
[   0.015][v][demux] Detected file format: ogg (libavformat)
[   0.015][v][cplayer] Opening done: game/audio/sfx/ch02_heels_wood.ogg
[   0.016][v][find_files] Loading external files in game/audio/sfx/
[   0.016][v][cplayer] Running hook: auto_profiles/on_preloaded
[   0.016][v][cplayer] Failed sending hook command auto_profiles/on_preloaded. Removing hook.
[   0.016][v][cplayer] Running hook: ytdl_hook/on_preloaded
[   0.016][v][lavf] select track 0
[   0.016][v][lavf] refresh track 0 (audio)
[   0.016][v][lavf] refresh seek to 0.000000
[   0.016][v][lavf] execute seek (to 0.000000 flags 32)
[   0.016][i][cplayer] ● Audio  --aid=1  (vorbis 2ch 44100 Hz 192 kbps)
[   0.016][v][lavf] seek done
[   0.016][v][ad] Codec list:
[   0.016][v][ad]     vorbis - Vorbis
[   0.016][v][ad] Opening decoder vorbis
[   0.016][v][ad] Requesting 1 threads for decoding.
[   0.017][v][ad] Selected decoder: vorbis - Vorbis
[   0.017][v][user_filter_wrapper] Setting option 'graph' = 'silencedetect=noise=-35dB:d=0.1' (flags = 0)
[   0.018][v][af] User filter list:
[   0.018][v][af]   lavfi (lavfi.00)
[   0.018][v][cplayer] Starting playback...
[   0.018][v][af] [in] 44100Hz stereo 2ch floatp
[   0.018][v][af] [lavfi] 44100Hz stereo 2ch floatp
[   0.018][d][ffmpeg] mpv_src_in0: tb:1/44100 samplefmt:fltp samplerate:44100 chlayout:stereo
[   0.018][d][lavfi] Filter graph:
[   0.018][d][lavfi]                                                    +------------------------+
[   0.018][d][lavfi] mpv_src_in0:default--[44100Hz fltp:stereo]--default| Parsed_silencedetect_0 |default--[44100Hz fltp:stereo]--mpv_sink_out0:default
[   0.018][d][lavfi]                                                    |    (silencedetect)     |
[   0.018][d][lavfi]                                                    +------------------------+
[   0.018][d][lavfi] 
[   0.018][d][lavfi]                                                               +---------------+
[   0.018][d][lavfi] Parsed_silencedetect_0:default--[44100Hz fltp:stereo]--default| mpv_sink_out0 |
[   0.018][d][lavfi]                                                               | (abuffersink) |
[   0.018][d][lavfi]                                                               +---------------+
[   0.018][d][lavfi] 
[   0.018][d][lavfi] +-------------+
[   0.018][d][lavfi] | mpv_src_in0 |default--[44100Hz fltp:stereo]--Parsed_silencedetect_0:default
[   0.018][d][lavfi] |  (abuffer)  |
[   0.018][d][lavfi] +-------------+
[   0.018][d][lavfi] 
[   0.018][d][lavfi] 
[   0.018][v][af] [userspeed] 44100Hz stereo 2ch floatp
[   0.018][v][autoaspeed] adding scaletempo2
[   0.019][v][ffmpeg] silencedetect: silence_start: 0
[   0.019][v][ffmpeg] silencedetect: silence_end: 0.240522 | silence_duration: 0.240522
[   0.019][v][ffmpeg] silencedetect: silence_start: 0.372562
[   0.019][v][af] [convert] 44100Hz stereo 2ch floatp
[   0.019][v][ao] Trying audio driver 'null'
[   0.019][v][ao/null] requested format: 44100 Hz, stereo channels, floatp
[   0.019][v][ao/null] Channel layouts:
[   0.019][v][ao/null]  - anything
[   0.019][v][ao/null] result: stereo
[   0.019][v][ao/null] device buffer: 8704 samples.
[   0.019][v][ao/null] using soft-buffer of 8820 samples.
[   0.019][i][cplayer] AO: [null] 44100Hz stereo 2ch floatp
[   0.019][v][cplayer] AO: Description: Null audio output
[   0.020][v][af] [convert] (disabled)
[   0.020][v][af] [out] 44100Hz stereo 2ch floatp
[   0.020][v][ffmpeg] silencedetect: silence_end: 1.008662 | silence_duration: 0.6361
[   0.020][v][ffmpeg] silencedetect: silence_start: 1.068481
[   0.021][v][ffmpeg] silencedetect: silence_end: 1.682358 | silence_duration: 0.613878
[   0.021][v][ffmpeg] silencedetect: silence_start: 1.793628
[   0.021][v][lavf] EOF reached.
[   0.021][v][ffmpeg] silencedetect: silence_end: 2.465329 | silence_duration: 0.671701
[   0.022][v][ffmpeg] silencedetect: silence_start: 2.567302
[   0.022][v][af] filter input EOF
[   0.022][v][af] filter output EOF
[   0.022][v][cplayer] audio filter EOF
[   0.022][v][cplayer] audio ready (and EOF)
[   0.022][v][cplayer] starting audio playback
[   0.022][v][cplayer] audio draining
[   0.022][v][cplayer] playback restart complete @ -0.000000, audio=draining, video=eof
[   0.022][v][ao/null] starting AO
[   0.022][v][ao/null] audio end or underrun
[   0.022][v][cplayer] audio EOF reached
[   0.022][v][cplayer] EOF code: 1  
[   0.022][d][ad] Uninit decoder.
[   0.022][v][ffmpeg] silencedetect: silence_end: 2.916667 | silence_duration: 0.349365
[   0.023][d][cplayer] Terminating demuxers...
[   0.023][d][cplayer] Done terminating demuxers.
[   0.023][v][cplayer] finished playback, success (reason 0)
[   0.023][v][cplayer] Running hook: ytdl_hook/on_after_end_file
[   0.023][d][cplayer] Run command: del, flags=64, args=[name="user-data/mpv/ytdl/json-subprocess-result"]
[   0.023][i][cplayer] Exiting... (End of file)
[   0.023][d][cplayer] Run command: del, flags=64, args=[name="user-data/mpv/console"]
[   0.023][d][cplayer] Run command: del, flags=64, args=[name="user-data/osc"]
[   0.023][d][positioning] Destroying client handle...
[   0.024][d][console] Destroying client handle...
[   0.024][d][commands] Destroying client handle...
[   0.024][d][ytdl_hook] Destroying client handle...
[   0.024][d][stats] Destroying client handle...
[   0.024][d][select] Destroying client handle...
[   0.024][d][osc] Destroying client handle...
[   0.026][d][SystemMediaTransportControls] Destroying client handle...
[   0.026][v][cplayer] draining left over audio
[   0.070][v][ao/null] audio end or underrun
